==> testb-bm25_100-minilm_100-mmr_10-vanilla_10.log <==
Pipeline mean_coverage mean_density MAP alpha_nDCG final_coverage final_density
testb-bm25_100-minilm_100-mmr_10-vanilla_10 0.5692197802197803 0.5317576340275079 0.32835340085382553 0.49516484836402247 0.49169597069597065 1.1107921525109201

==> testb-bm25_100-minilm_100-vanilla_10.log <==
Pipeline mean_coverage mean_density MAP alpha_nDCG final_coverage final_density
testb-bm25_100-minilm_100-vanilla_10 0.6027875457875458 0.5474434619999 0.34363493821904867 0.5389081819474285 0.5113443223443223 1.1246230242176576

==> testb-bm25_100-monot5_100-vanilla_10.log <==
Pipeline mean_coverage mean_density MAP alpha_nDCG final_coverage final_density
testb-bm25_100-monot5_100-vanilla_10 0.6203846153846154 0.5598685667839614 0.35344142144834767 0.5360117179944491 0.5087655677655678 1.0848222866844603

==> testb-bm25_100-rankfirst_100-vanilla_10.log <==
Pipeline mean_coverage mean_density MAP alpha_nDCG final_coverage final_density
testb-bm25_100-rankfirst_100-vanilla_10 0.6433699633699633 0.5690344799855849 0.3588540562782584 0.5745808372030847 0.5310879120879121 1.1403812372837778

==> testb-bm25_100-rankzephyr_100-vanilla_10.log <==
Pipeline mean_coverage mean_density MAP alpha_nDCG final_coverage final_density
testb-bm25_100-rankzephyr_100-vanilla_10 0.6443956043956044 0.5687916999437168 0.3728810775275806 0.564914982964326 0.5311868131868132 1.1447746788482152

==> testb-bm25_100-setwise_100-vanilla_10.log <==
Pipeline mean_coverage mean_density MAP alpha_nDCG final_coverage final_density
testb-bm25_100-setwise_100-vanilla_10 0.5965641025641026 0.5387403111185807 0.3311922155258689 0.5445946708090562 0.51607326007326 1.1128274831852787

==> testb-bm25_100-vanilla_10.log <==
Pipeline mean_coverage mean_density MAP alpha_nDCG final_coverage final_density
testb-bm25_100-vanilla_10 0.5624285714285715 0.5098013198885032 0.2648141281551933 0.4601481255339809 0.5024945054945055 1.1094013392075173
