results/512/testb-bm25_100-minilm_100-mmr_10-vanilla_10.jsonl 0.3702930402930402 0.6852871475770016
results/512/testb-bm25_100-minilm_100-vanilla_10.jsonl 0.43731135531135523 0.7440829720625836
results/512/testb-bm25_100-monot5_100-vanilla_10.jsonl 0.4388498168498169 0.7335326808982255
results/512/testb-bm25_100-rankfirst_100-vanilla_10.jsonl 0.44951648351648354 0.755510699202776
results/512/testb-bm25_100-rankzephyr_100-vanilla_10.jsonl 0.44689743589743586 0.7637522689166302
results/512/testb-bm25_100-setwise_100-vanilla_10.jsonl 0.44618315018315013 0.7553278193787145
results/512/testb-bm25_100-vanilla_10.jsonl 0.4251538461538461 0.7307294706879843
results/512/testb-contriever_100-minilm_100-mmr_10-vanilla_10.jsonl 0.4035531135531135 0.7047564820511544
results/512/testb-contriever_100-minilm_100-vanilla_10.jsonl 0.45587179487179486 0.7710329216849823
results/512/testb-contriever_100-monot5_100-vanilla_10.jsonl 0.4367289377289377 0.7348622061041352
results/512/testb-contriever_100-rankfirst_100-vanilla_10.jsonl 0.47978388278388273 0.7948006665702971
results/512/testb-contriever_100-rankzephyr_100-vanilla_10.jsonl 0.4824945054945055 0.7938499058319042
results/512/testb-contriever_100-setwise_100-vanilla_10.jsonl 0.4566849816849817 0.7645608372650599
results/512/testb-contriever_100-vanilla_10.jsonl 0.47318681318681316 0.7786478954604391
results/512/testb-splade-v3_100-minilm_100-mmr_10-vanilla_10.jsonl 0.39972161172161164 0.6857675230974313
results/512/testb-splade-v3_100-minilm_100-vanilla_10.jsonl 0.43440293040293043 0.7575156793922551
results/512/testb-splade-v3_100-monot5_100-vanilla_10.jsonl 0.4535531135531135 0.7640250431084743
results/512/testb-splade-v3_100-rankfirst_100-vanilla_10.jsonl 0.5047582417582417 0.8150492443762742
results/512/testb-splade-v3_100-rankzephyr_100-vanilla_10.jsonl 0.45844322344322336 0.7654957093300968
results/512/testb-splade-v3_100-setwise_100-vanilla_10.jsonl 0.46807326007326006 0.7825150910430484
results/512/testb-splade-v3_100-vanilla_10.jsonl 0.4451245421245421 0.7528595995693624
