##results/512/testb-bm25_100-minilm_100-mmr_10-vanilla_-1.jsonl 0.35343956043956043 0.6728001462756146
##results/512/testb-bm25_100-minilm_100-vanilla_-1.jsonl 0.39212820512820507 0.7099485163236346
##results/512/testb-bm25_100-monot5_100-vanilla_-1.jsonl 0.38966300366300355 0.6915163629137402
##results/512/testb-bm25_100-rankfirst_100-vanilla_-1.jsonl 0.41682417582417586 0.7310673959327987
##results/512/testb-bm25_100-rankzephyr_100-vanilla_-1.jsonl 0.4109450549450549 0.7179832838255779
##results/512/testb-bm25_100-setwise_100-vanilla_-1.jsonl 0.4127948717948718 0.7298712785606483
##results/512/testb-bm25_100-vanilla_-1.jsonl 0.3514908424908424 0.6518220833115126
##results/512/testb-contriever_100-minilm_100-mmr_10-vanilla_-1.jsonl 0.3378608058608058 0.6504335123090256
##results/512/testb-contriever_100-minilm_100-vanilla_-1.jsonl 0.39761172161172165 0.7249345659562588
##results/512/testb-contriever_100-monot5_100-vanilla_-1.jsonl 0.40321611721611716 0.7156513423738383
##results/512/testb-contriever_100-rankfirst_100-vanilla_-1.jsonl 0.4288424908424908 0.7497424292204471
##results/512/testb-contriever_100-rankzephyr_100-vanilla_-1.jsonl 0.39349816849816854 0.6950052788363734
##results/512/testb-contriever_100-setwise_100-vanilla_-1.jsonl 0.42270329670329665 0.7361224784826906
##results/512/testb-contriever_100-vanilla_-1.jsonl 0.4096556776556776 0.7226374834098828
##results/512/testb-splade-v3_100-minilm_100-mmr_10-vanilla_-1.jsonl 0.3398168498168498 0.6594317381885592
##results/512/testb-splade-v3_100-monot5_100-vanilla_-1.jsonl 0.41776556776556767 0.7315876475207743
##results/512/testb-splade-v3_100-rankfirst_100-vanilla_-1.jsonl 0.42680586080586075 0.7386636019714149
##results/512/testb-splade-v3_100-rankzephyr_100-vanilla_-1.jsonl 0.4274981684981685 0.7360540988496003
##results/512/testb-splade-v3_100-setwise_100-vanilla_-1.jsonl 0.4362490842490842 0.7577661677157841
##results/512/testb-splade-v3_100-vanilla_-1.jsonl 0.4117142857142857 0.720134851394752
